 
==== [06/08/2026 12:58:19,30] Iniciando ==== 
warning: LF will be replaced by CRLF in auto_commit_push.bat.
The file will have its original line endings in your working directory
[main 511e258] Auto-commit: sincronizacao automatica
 3 files changed, 63 insertions(+)
 rename auto_comit_push.bat => _to_delete/auto_comit_push.bat (100%)
 create mode 100644 auto_commit_push.bat
 create mode 100644 auto_commit_push.log
To https://github.com/silmaroli-arch/media
 ! [rejected]        dev -> dev (fetch first)
error: failed to push some refs to 'https://github.com/silmaroli-arch/media'
hint: Updates were rejected because the remote contains work that you do
hint: not have locally. This is usually caused by another repository pushing
hint: to the same ref. You may want to first integrate the remote changes
hint: (e.g., 'git pull ...') before pushing again.
hint: See the 'Note about fast-forwards' in 'git push --help' for details.
[06/08/2026 12:58:25,38] ERRO no push - veja acima. 
 
==== [06/08/2026 12:58:25,70] Iniciando ==== 
warning: LF will be replaced by CRLF in auto_commit_push.log.
The file will have its original line endings in your working directory
[main c95cf6a] Auto-commit: sincronizacao automatica
 1 file changed, 18 insertions(+)
To https://github.com/silmaroli-arch/media
 ! [rejected]        dev -> dev (fetch first)
error: failed to push some refs to 'https://github.com/silmaroli-arch/media'
hint: Updates were rejected because the remote contains work that you do
hint: not have locally. This is usually caused by another repository pushing
hint: to the same ref. You may want to first integrate the remote changes
hint: (e.g., 'git pull ...') before pushing again.
hint: See the 'Note about fast-forwards' in 'git push --help' for details.
[06/08/2026 12:58:31,40] ERRO no push - veja acima. 
 
==== [06/08/2026 13:02:35,50] Iniciando ==== 
Your branch is behind 'origin/dev' by 1 commit, and can be fast-forwarded.
  (use "git pull" to update your local branch)
Already on 'dev'
From https://github.com/silmaroli-arch/media
 * branch            dev        -> FETCH_HEAD
Updating de0ca7f..2d244f5
Fast-forward
 .github/workflows/deploy.yml | 1 +
 1 file changed, 1 insertion(+)
